RAM Allocation [bytes]
Variable                                                                          Address   Size
------------------------------------------------------------------------------------------------
str                                                                               0x0160      30
_base_y                                                                           0x017E       4

EEPROM Allocation [bytes]
Variable                                                                          Address   Size
------------------------------------------------------------------------------------------------

Register Allocation
Variable                                                                          Register  Size
------------------------------------------------------------------------------------------------
_lcd_x                                                                            R5           1
_lcd_y                                                                            R4           1
_lcd_maxx                                                                         R7           1

FLASH Allocation [words]
Function                                                                          Address   Size
------------------------------------------------------------------------------------------------
read_adc                                                                          0x00069     13
main                                                                              0x00076    203
_lcd_write_nibble_G100                                                            0x00141     20
_lcd_write_data                                                                   0x00155     12
lcd_gotoxy                                                                        0x00161     13
lcd_clear                                                                         0x0016E     12
lcd_putchar                                                                       0x0017A     21
lcd_puts                                                                          0x0018F     17
lcd_init                                                                          0x001A0     46
put_buff_G101                                                                     0x001CE     64
_print_G101                                                                       0x0020E    308
sprintf                                                                           0x00342     52
strlen                                                                            0x00376     12
strlenf                                                                           0x00382     13
